I'm sorry, but errors were detected in your script. Please correct the
errors listed below, and try again.


File "game/script.rpy", line 1055: multiple at clauses are prohibited.
    show Gou_Neutral at right and Makoto_Neutral at left
                                                   ^

Ren'Py Version: Ren'Py 6.99.10.1227
